5146704 Kung, Xuanyan
COMP1927 17s1 Computing 2                      73 CR   6uoc
COMP2121 17s1 Microprocessors & Interfacing    55 PS   6uoc
ECON1101 17s1 Microeconomics 1                 65 CR   6uoc
MATH1081 17s1 Discrete Mathematics             65 CR   6uoc
COMP1531 17s2 Software Eng Fundamentals        54 PS   6uoc
COMP2041 17s2 Software Construction             - AF   fail
MATH2400 17s2 Finite Mathematics               43 FL   fail
MATH2859 17s2 Prob, Stats and Information      43 FL   fail
INFS1602 18x1 Digital Transformation in Bus     - AF   fail
COMP2111 18s1 System Modelling and Design      48 FL   fail
COMP2511 18s1 O-O Design & Programming         39 FL   fail
COMP3311 18s1 Database Systems                 32 FL   fail
SENG2021 18s1 Reqts & Design Workshop          75 DN   6uoc
COMP2041 18s2 Software Construction             - AF   fail
COMP3161 18s2 Concepts of Programming Lang.     - AF   fail
COMP3331 18s2 Computer Networks&Applications    - AF   fail
ECON1102 18s2 Macroeconomics 1                 36 FL   fail
COMP2511 20T2 O-O Design & Programming         36 FL   fail
COMP3121 20T2 Algorithms & Programming Tech    46 FL   fail
COMP3331 20T2 Computer Networks&Applications   45 FL   fail
COMP1521 20T3 Computer Systems Fundamentals     - AF   fail
GENC3004 20T3 Personal Finance                 47 FL   fail
UOC = 36, WAM = 36.1
