5146401 KANG, Shuni
COMP9020 17s1 Foundations of Comp. Science     46 FL   fail
COMP9021 17s1 Principles of Programming        33 FL   fail
COMP9311 17s1 Database Systems                  - AF   fail
GSOE9820 17s1 Project Management               38 FL   fail
UOC = 0, WAM = 29.2
