COMPA1 Computer Science
- offered by School of Computer Science and Engineering
Academic Requirements:
at least 30 UOC courses from COMPA1 Computing Electives
- courses matching ENGG2600,ENGG3600,ENGG4600,COMP3###,COMP4###,COMP6###,COMP9###
at least 36 UOC of Free Electives
